com\rabbiter\oes\controller\FillQuestionController.class
com\rabbiter\oes\controller\MessageController.class
com\rabbiter\oes\serviceimpl\MessageServiceImpl.class
com\rabbiter\oes\controller\PasswordController.class
com\rabbiter\oes\serviceimpl\GeneticPaperServiceImpl.class
com\rabbiter\oes\controller\ScoringController.class
com\rabbiter\oes\controller\SystemLogController.class
com\rabbiter\oes\mapper\PaperMapper.class
com\rabbiter\oes\serviceimpl\KMeansClusterServiceImpl.class
com\rabbiter\oes\controller\PaperController.class
com\rabbiter\oes\util\DiagnosticWebSocketClient$1.class
com\rabbiter\oes\serviceimpl\FaceRecognitionServiceImpl.class
com\rabbiter\oes\controller\PasswordController$VerifyCodeInfo.class
com\rabbiter\oes\entity\GeneticPaperRequest.class
com\rabbiter\oes\controller\StudyController.class
com\rabbiter\oes\entity\StudentProfile.class
com\rabbiter\oes\vo\AnswerVO.class
com\rabbiter\oes\entity\Student.class
com\rabbiter\oes\serviceimpl\AdminServiceImpl.class
com\rabbiter\oes\service\GeneticPaperService.class
com\rabbiter\oes\util\ReferenceSparkClient$SparkClient.class
com\rabbiter\oes\config\GlobalExceptionHandler.class
com\rabbiter\oes\util\SparkAIClient$2.class
com\rabbiter\oes\controller\AdminController.class
com\rabbiter\oes\serviceimpl\ExamManageServiceImpl.class
com\rabbiter\oes\util\OkHttpSparkClient$1.class
com\rabbiter\oes\service\PaperService.class
com\rabbiter\oes\serviceimpl\PaperServiceImpl.class
com\rabbiter\oes\entity\Replay.class
com\rabbiter\oes\service\AnnouncementService.class
com\rabbiter\oes\mapper\ViolationRecordMapper.class
com\rabbiter\oes\controller\StudentController.class
com\rabbiter\oes\controller\SelfExamController.class
com\rabbiter\oes\util\DocumentParser$1.class
com\rabbiter\oes\vo\Item.class
com\rabbiter\oes\mapper\ScoreMapper.class
com\rabbiter\oes\util\DiagnosticWebSocketClient.class
com\rabbiter\oes\util\ApiResultHandler.class
com\rabbiter\oes\entity\ViolationRecord.class
com\rabbiter\oes\mapper\SystemLogMapper.class
com\rabbiter\oes\util\ImprovedSparkClient$2.class
com\rabbiter\oes\serviceimpl\AliyunSmsServiceImpl.class
com\rabbiter\oes\serviceimpl\FillQuestionServiceImpl.class
com\rabbiter\oes\vo\AdminResetPswVO.class
com\rabbiter\oes\serviceimpl\AIQuestionServiceImpl.class
com\rabbiter\oes\controller\AnnouncementController.class
com\rabbiter\oes\OnlineExamSystemApplication.class
com\rabbiter\oes\service\ViolationService.class
com\rabbiter\oes\controller\SubjectiveQuestionController.class
com\rabbiter\oes\serviceimpl\MultiQuestionServiceImpl.class
com\rabbiter\oes\util\FillQuestionGrader.class
com\rabbiter\oes\mapper\AnswerMapper.class
com\rabbiter\oes\serviceimpl\ReplayServiceImpl.class
com\rabbiter\oes\serviceimpl\StudyServiceImpl.class
com\rabbiter\oes\entity\MultiQuestion.class
com\rabbiter\oes\entity\Score.class
com\rabbiter\oes\mapper\SubjectiveAnswerMapper.class
com\rabbiter\oes\entity\PaperManage.class
com\rabbiter\oes\util\CaptchaUtil$CaptchaResult.class
com\rabbiter\oes\mapper\MessageMapper.class
com\rabbiter\oes\controller\AnswerController.class
com\rabbiter\oes\controller\SelfExamController$SelfExamRequest.class
com\rabbiter\oes\controller\JudgeQuestionController.class
com\rabbiter\oes\mapper\AnnouncementMapper.class
com\rabbiter\oes\mapper\MultiQuestionMapper.class
com\rabbiter\oes\service\AnswerService.class
com\rabbiter\oes\serviceimpl\LoginServiceImpl.class
com\rabbiter\oes\mapper\TeacherMapper.class
com\rabbiter\oes\entity\SubjectiveAnswer.class
com\rabbiter\oes\serviceimpl\TeacherServiceImpl.class
com\rabbiter\oes\entity\GeneticPaperRecord.class
com\rabbiter\oes\mapper\StudyRecordMapper.class
com\rabbiter\oes\service\MultiQuestionService.class
com\rabbiter\oes\controller\RegisterController.class
com\rabbiter\oes\mapper\FillQuestionMapper.class
com\rabbiter\oes\service\StudyService.class
com\rabbiter\oes\entity\Login.class
com\rabbiter\oes\service\MessageService.class
com\rabbiter\oes\serviceimpl\FaceChangeRequestServiceImpl.class
com\rabbiter\oes\controller\AIQuestionController.class
com\rabbiter\oes\entity\StudyRecord.class
com\rabbiter\oes\service\KMeansClusterService.class
com\rabbiter\oes\serviceimpl\AnnouncementServiceImpl.class
com\rabbiter\oes\entity\Message.class
com\rabbiter\oes\vo\QuestionVO.class
com\rabbiter\oes\entity\FaceChangeRequest.class
com\rabbiter\oes\util\CaptchaUtil.class
com\rabbiter\oes\entity\Admin.class
com\rabbiter\oes\util\OkHttpSparkClient.class
com\rabbiter\oes\serviceimpl\SystemLogServiceImpl.class
com\rabbiter\oes\entity\ExamManage.class
com\rabbiter\oes\vo\QuestionTypeDetail.class
com\rabbiter\oes\mapper\StudentMapper.class
com\rabbiter\oes\serviceimpl\SubjectiveQuestionServiceImpl.class
com\rabbiter\oes\service\LoginService.class
com\rabbiter\oes\interceptor\LoginInterceptor.class
com\rabbiter\oes\serviceimpl\GeneticPaperServiceImpl$Chromosome.class
com\rabbiter\oes\serviceimpl\StudentServiceImpl.class
com\rabbiter\oes\util\SparkAIClient$1.class
com\rabbiter\oes\controller\KMeansClusterController.class
com\rabbiter\oes\service\ReplayService.class
com\rabbiter\oes\entity\AIQuestionRequest.class
com\rabbiter\oes\serviceimpl\ViolationServiceImpl.class
com\rabbiter\oes\service\SystemLogService.class
com\rabbiter\oes\service\ExamManageService.class
com\rabbiter\oes\service\AIQuestionService.class
com\rabbiter\oes\config\MvcConfig.class
com\rabbiter\oes\service\TeacherService.class
com\rabbiter\oes\entity\Announcement.class
com\rabbiter\oes\service\JudgeQuestionService.class
com\rabbiter\oes\util\ImprovedSparkClient$1.class
com\rabbiter\oes\entity\SparkConfig.class
com\rabbiter\oes\service\AdminService.class
com\rabbiter\oes\mapper\ExamManageMapper.class
com\rabbiter\oes\service\ScoreService.class
com\rabbiter\oes\entity\FillQuestion.class
com\rabbiter\oes\util\ImprovedSparkClient.class
com\rabbiter\oes\vo\ExamDetailVO.class
com\rabbiter\oes\component\DatabaseSchemaFixer.class
com\rabbiter\oes\controller\CaptchaController.class
com\rabbiter\oes\service\SmsService.class
com\rabbiter\oes\controller\FaceRecognitionController.class
com\rabbiter\oes\entity\SystemLog.class
com\rabbiter\oes\service\FaceChangeRequestService.class
com\rabbiter\oes\controller\ExamManageController.class
com\rabbiter\oes\mapper\LoginMapper.class
com\rabbiter\oes\entity\FaceRecognitionRequest.class
com\rabbiter\oes\serviceimpl\AnswerServiceImpl.class
com\rabbiter\oes\mapper\GeneticPaperRecordMapper.class
com\rabbiter\oes\service\SubjectiveAnswerService.class
com\rabbiter\oes\controller\TeacherController.class
com\rabbiter\oes\mapper\AdminMapper.class
com\rabbiter\oes\mapper\AiQuestionRecordMapper.class
com\rabbiter\oes\service\PaperQualityService.class
com\rabbiter\oes\controller\ItemController.class
com\rabbiter\oes\entity\AIQuestionResponse.class
com\rabbiter\oes\controller\GenerationRecordController.class
com\rabbiter\oes\controller\ReplayController.class
com\rabbiter\oes\vo\QuestionItem.class
com\rabbiter\oes\serviceimpl\PaperQualityServiceImpl.class
com\rabbiter\oes\controller\GeneticPaperController.class
com\rabbiter\oes\util\DocumentParser.class
com\rabbiter\oes\entity\Teacher.class
com\rabbiter\oes\service\StudentService.class
com\rabbiter\oes\entity\WrongQuestion.class
com\rabbiter\oes\entity\AiQuestionRecord.class
com\rabbiter\oes\entity\PaperQualityResult.class
com\rabbiter\oes\service\FaceRecognitionService.class
com\rabbiter\oes\controller\PaperQualityController.class
com\rabbiter\oes\util\ReferenceSparkClient.class
com\rabbiter\oes\serviceimpl\ScoreServiceImpl.class
com\rabbiter\oes\controller\ScoreController.class
com\rabbiter\oes\entity\ApiResult.class
com\rabbiter\oes\serviceimpl\SubjectiveAnswerServiceImpl.class
com\rabbiter\oes\util\SparkApiUtils.class
com\rabbiter\oes\util\SubjectiveGradingUtil.class
com\rabbiter\oes\entity\JudgeQuestion.class
com\rabbiter\oes\mapper\FaceChangeRequestMapper.class
com\rabbiter\oes\serviceimpl\JudgeQuestionServiceImpl.class
com\rabbiter\oes\controller\LoginController.class
com\rabbiter\oes\service\SubjectiveQuestionService.class
com\rabbiter\oes\entity\PaperQualityResult$QuestionAnalysis.class
com\rabbiter\oes\util\JasyptUtil.class
com\rabbiter\oes\mapper\SubjectiveQuestionMapper.class
com\rabbiter\oes\service\FillQuestionService.class
com\rabbiter\oes\entity\FaceRecognitionResult.class
com\rabbiter\oes\controller\FaceChangeRequestController.class
com\rabbiter\oes\util\SparkAIClient.class
com\rabbiter\oes\mapper\WrongQuestionMapper.class
com\rabbiter\oes\controller\MultiQuestionController.class
com\rabbiter\oes\entity\SubjectiveQuestion.class
com\rabbiter\oes\mapper\JudgeQuestionMapper.class
com\rabbiter\oes\serviceimpl\MockSmsServiceImpl.class
com\rabbiter\oes\util\ScoreCalculator.class
com\rabbiter\oes\controller\CaptchaController$SmsCode.class
com\rabbiter\oes\controller\ViolationController.class
com\rabbiter\oes\mapper\ReplayMapper.class
com\rabbiter\oes\util\OkHttpSparkClient$2.class
