F:\OnlineExamSystemApi\src\main\java\com\rabbiter\oes\entity\Student.java
F:\OnlineExamSystemApi\src\main\java\com\rabbiter\oes\mapper\AdminMapper.java
F:\OnlineExamSystemApi\src\main\java\com\rabbiter\oes\serviceimpl\MessageServiceImpl.java
F:\OnlineExamSystemApi\src\main\java\com\rabbiter\oes\controller\GenerationRecordController.java
F:\OnlineExamSystemApi\src\main\java\com\rabbiter\oes\service\SystemLogService.java
F:\OnlineExamSystemApi\src\main\java\com\rabbiter\oes\controller\RegisterController.java
F:\OnlineExamSystemApi\src\main\java\com\rabbiter\oes\config\MvcConfig.java
F:\OnlineExamSystemApi\src\main\java\com\rabbiter\oes\entity\Login.java
F:\OnlineExamSystemApi\src\main\java\com\rabbiter\oes\service\ExamManageService.java
F:\OnlineExamSystemApi\src\main\java\com\rabbiter\oes\serviceimpl\StudyServiceImpl.java
F:\OnlineExamSystemApi\src\main\java\com\rabbiter\oes\util\DiagnosticWebSocketClient.java
F:\OnlineExamSystemApi\src\main\java\com\rabbiter\oes\controller\ReplayController.java
F:\OnlineExamSystemApi\src\main\java\com\rabbiter\oes\mapper\SystemLogMapper.java
F:\OnlineExamSystemApi\src\main\java\com\rabbiter\oes\mapper\TeacherMapper.java
F:\OnlineExamSystemApi\src\main\java\com\rabbiter\oes\util\SubjectiveGradingUtil.java
F:\OnlineExamSystemApi\src\main\java\com\rabbiter\oes\service\MultiQuestionService.java
F:\OnlineExamSystemApi\src\main\java\com\rabbiter\oes\serviceimpl\ReplayServiceImpl.java
F:\OnlineExamSystemApi\src\main\java\com\rabbiter\oes\vo\ExamDetailVO.java
F:\OnlineExamSystemApi\src\main\java\com\rabbiter\oes\controller\MultiQuestionController.java
F:\OnlineExamSystemApi\src\main\java\com\rabbiter\oes\mapper\StudyRecordMapper.java
F:\OnlineExamSystemApi\src\main\java\com\rabbiter\oes\entity\AiQuestionRecord.java
F:\OnlineExamSystemApi\src\main\java\com\rabbiter\oes\controller\MessageController.java
F:\OnlineExamSystemApi\src\main\java\com\rabbiter\oes\serviceimpl\ScoreServiceImpl.java
F:\OnlineExamSystemApi\src\main\java\com\rabbiter\oes\controller\JudgeQuestionController.java
F:\OnlineExamSystemApi\src\main\java\com\rabbiter\oes\entity\PaperQualityResult.java
F:\OnlineExamSystemApi\src\main\java\com\rabbiter\oes\serviceimpl\SystemLogServiceImpl.java
F:\OnlineExamSystemApi\src\main\java\com\rabbiter\oes\util\ReferenceSparkClient.java
F:\OnlineExamSystemApi\src\main\java\com\rabbiter\oes\entity\GeneticPaperRecord.java
F:\OnlineExamSystemApi\src\main\java\com\rabbiter\oes\controller\PaperController.java
F:\OnlineExamSystemApi\src\main\java\com\rabbiter\oes\service\StudentService.java
F:\OnlineExamSystemApi\src\main\java\com\rabbiter\oes\util\DocumentParser.java
F:\OnlineExamSystemApi\src\main\java\com\rabbiter\oes\util\ApiResultHandler.java
F:\OnlineExamSystemApi\src\main\java\com\rabbiter\oes\entity\JudgeQuestion.java
F:\OnlineExamSystemApi\src\main\java\com\rabbiter\oes\serviceimpl\AliyunSmsServiceImpl.java
F:\OnlineExamSystemApi\src\main\java\com\rabbiter\oes\service\FaceChangeRequestService.java
F:\OnlineExamSystemApi\src\main\java\com\rabbiter\oes\util\ScoreCalculator.java
F:\OnlineExamSystemApi\src\main\java\com\rabbiter\oes\controller\SubjectiveQuestionController.java
F:\OnlineExamSystemApi\src\main\java\com\rabbiter\oes\config\GlobalExceptionHandler.java
F:\OnlineExamSystemApi\src\main\java\com\rabbiter\oes\entity\Announcement.java
F:\OnlineExamSystemApi\src\main\java\com\rabbiter\oes\serviceimpl\MockSmsServiceImpl.java
F:\OnlineExamSystemApi\src\main\java\com\rabbiter\oes\serviceimpl\SubjectiveAnswerServiceImpl.java
F:\OnlineExamSystemApi\src\main\java\com\rabbiter\oes\vo\AnswerVO.java
F:\OnlineExamSystemApi\src\main\java\com\rabbiter\oes\mapper\MessageMapper.java
F:\OnlineExamSystemApi\src\main\java\com\rabbiter\oes\controller\GeneticPaperController.java
F:\OnlineExamSystemApi\src\main\java\com\rabbiter\oes\entity\PaperManage.java
F:\OnlineExamSystemApi\src\main\java\com\rabbiter\oes\controller\KMeansClusterController.java
F:\OnlineExamSystemApi\src\main\java\com\rabbiter\oes\entity\WrongQuestion.java
F:\OnlineExamSystemApi\src\main\java\com\rabbiter\oes\service\KMeansClusterService.java
F:\OnlineExamSystemApi\src\main\java\com\rabbiter\oes\service\LoginService.java
F:\OnlineExamSystemApi\src\main\java\com\rabbiter\oes\service\PaperQualityService.java
F:\OnlineExamSystemApi\src\main\java\com\rabbiter\oes\serviceimpl\LoginServiceImpl.java
F:\OnlineExamSystemApi\src\main\java\com\rabbiter\oes\vo\QuestionTypeDetail.java
F:\OnlineExamSystemApi\src\main\java\com\rabbiter\oes\mapper\ExamManageMapper.java
F:\OnlineExamSystemApi\src\main\java\com\rabbiter\oes\controller\ExamManageController.java
F:\OnlineExamSystemApi\src\main\java\com\rabbiter\oes\mapper\PaperMapper.java
F:\OnlineExamSystemApi\src\main\java\com\rabbiter\oes\controller\ScoreController.java
F:\OnlineExamSystemApi\src\main\java\com\rabbiter\oes\controller\AIQuestionController.java
F:\OnlineExamSystemApi\src\main\java\com\rabbiter\oes\controller\CaptchaController.java
F:\OnlineExamSystemApi\src\main\java\com\rabbiter\oes\service\SubjectiveQuestionService.java
F:\OnlineExamSystemApi\src\main\java\com\rabbiter\oes\mapper\MultiQuestionMapper.java
F:\OnlineExamSystemApi\src\main\java\com\rabbiter\oes\service\StudyService.java
F:\OnlineExamSystemApi\src\main\java\com\rabbiter\oes\util\ImprovedSparkClient.java
F:\OnlineExamSystemApi\src\main\java\com\rabbiter\oes\serviceimpl\AnswerServiceImpl.java
F:\OnlineExamSystemApi\src\main\java\com\rabbiter\oes\serviceimpl\GeneticPaperServiceImpl.java
F:\OnlineExamSystemApi\src\main\java\com\rabbiter\oes\serviceimpl\AIQuestionServiceImpl.java
F:\OnlineExamSystemApi\src\main\java\com\rabbiter\oes\mapper\FaceChangeRequestMapper.java
F:\OnlineExamSystemApi\src\main\java\com\rabbiter\oes\serviceimpl\FaceChangeRequestServiceImpl.java
F:\OnlineExamSystemApi\src\main\java\com\rabbiter\oes\util\SparkAIClient.java
F:\OnlineExamSystemApi\src\main\java\com\rabbiter\oes\entity\FaceChangeRequest.java
F:\OnlineExamSystemApi\src\main\java\com\rabbiter\oes\mapper\SubjectiveAnswerMapper.java
F:\OnlineExamSystemApi\src\main\java\com\rabbiter\oes\serviceimpl\PaperServiceImpl.java
F:\OnlineExamSystemApi\src\main\java\com\rabbiter\oes\service\FaceRecognitionService.java
F:\OnlineExamSystemApi\src\main\java\com\rabbiter\oes\vo\QuestionVO.java
F:\OnlineExamSystemApi\src\main\java\com\rabbiter\oes\entity\AIQuestionResponse.java
F:\OnlineExamSystemApi\src\main\java\com\rabbiter\oes\entity\ExamManage.java
F:\OnlineExamSystemApi\src\main\java\com\rabbiter\oes\serviceimpl\FaceRecognitionServiceImpl.java
F:\OnlineExamSystemApi\src\main\java\com\rabbiter\oes\serviceimpl\KMeansClusterServiceImpl.java
F:\OnlineExamSystemApi\src\main\java\com\rabbiter\oes\controller\FillQuestionController.java
F:\OnlineExamSystemApi\src\main\java\com\rabbiter\oes\mapper\JudgeQuestionMapper.java
F:\OnlineExamSystemApi\src\main\java\com\rabbiter\oes\entity\SubjectiveAnswer.java
F:\OnlineExamSystemApi\src\main\java\com\rabbiter\oes\util\JasyptUtil.java
F:\OnlineExamSystemApi\src\main\java\com\rabbiter\oes\controller\PasswordController.java
F:\OnlineExamSystemApi\src\main\java\com\rabbiter\oes\entity\StudentProfile.java
F:\OnlineExamSystemApi\src\main\java\com\rabbiter\oes\service\PaperService.java
F:\OnlineExamSystemApi\src\main\java\com\rabbiter\oes\serviceimpl\JudgeQuestionServiceImpl.java
F:\OnlineExamSystemApi\src\main\java\com\rabbiter\oes\serviceimpl\PaperQualityServiceImpl.java
F:\OnlineExamSystemApi\src\main\java\com\rabbiter\oes\entity\SparkConfig.java
F:\OnlineExamSystemApi\src\main\java\com\rabbiter\oes\controller\AdminController.java
F:\OnlineExamSystemApi\src\main\java\com\rabbiter\oes\mapper\AnnouncementMapper.java
F:\OnlineExamSystemApi\src\main\java\com\rabbiter\oes\mapper\FillQuestionMapper.java
F:\OnlineExamSystemApi\src\main\java\com\rabbiter\oes\controller\SelfExamController.java
F:\OnlineExamSystemApi\src\main\java\com\rabbiter\oes\controller\PaperQualityController.java
F:\OnlineExamSystemApi\src\main\java\com\rabbiter\oes\controller\StudentController.java
F:\OnlineExamSystemApi\src\main\java\com\rabbiter\oes\service\AnswerService.java
F:\OnlineExamSystemApi\src\main\java\com\rabbiter\oes\mapper\GeneticPaperRecordMapper.java
F:\OnlineExamSystemApi\src\main\java\com\rabbiter\oes\entity\SubjectiveQuestion.java
F:\OnlineExamSystemApi\src\main\java\com\rabbiter\oes\service\SubjectiveAnswerService.java
F:\OnlineExamSystemApi\src\main\java\com\rabbiter\oes\entity\ApiResult.java
F:\OnlineExamSystemApi\src\main\java\com\rabbiter\oes\serviceimpl\MultiQuestionServiceImpl.java
F:\OnlineExamSystemApi\src\main\java\com\rabbiter\oes\entity\FillQuestion.java
F:\OnlineExamSystemApi\src\main\java\com\rabbiter\oes\serviceimpl\ViolationServiceImpl.java
F:\OnlineExamSystemApi\src\main\java\com\rabbiter\oes\entity\FaceRecognitionResult.java
F:\OnlineExamSystemApi\src\main\java\com\rabbiter\oes\entity\MultiQuestion.java
F:\OnlineExamSystemApi\src\main\java\com\rabbiter\oes\serviceimpl\FillQuestionServiceImpl.java
F:\OnlineExamSystemApi\src\main\java\com\rabbiter\oes\component\DatabaseSchemaFixer.java
F:\OnlineExamSystemApi\src\main\java\com\rabbiter\oes\serviceimpl\SubjectiveQuestionServiceImpl.java
F:\OnlineExamSystemApi\src\main\java\com\rabbiter\oes\mapper\AiQuestionRecordMapper.java
F:\OnlineExamSystemApi\src\main\java\com\rabbiter\oes\vo\AdminResetPswVO.java
F:\OnlineExamSystemApi\src\main\java\com\rabbiter\oes\mapper\WrongQuestionMapper.java
F:\OnlineExamSystemApi\src\main\java\com\rabbiter\oes\vo\QuestionItem.java
F:\OnlineExamSystemApi\src\main\java\com\rabbiter\oes\entity\StudyRecord.java
F:\OnlineExamSystemApi\src\main\java\com\rabbiter\oes\service\ReplayService.java
F:\OnlineExamSystemApi\src\main\java\com\rabbiter\oes\mapper\SubjectiveQuestionMapper.java
F:\OnlineExamSystemApi\src\main\java\com\rabbiter\oes\controller\FaceChangeRequestController.java
F:\OnlineExamSystemApi\src\main\java\com\rabbiter\oes\serviceimpl\AdminServiceImpl.java
F:\OnlineExamSystemApi\src\main\java\com\rabbiter\oes\controller\AnswerController.java
F:\OnlineExamSystemApi\src\main\java\com\rabbiter\oes\entity\Message.java
F:\OnlineExamSystemApi\src\main\java\com\rabbiter\oes\mapper\ViolationRecordMapper.java
F:\OnlineExamSystemApi\src\main\java\com\rabbiter\oes\service\JudgeQuestionService.java
F:\OnlineExamSystemApi\src\main\java\com\rabbiter\oes\controller\AnnouncementController.java
F:\OnlineExamSystemApi\src\main\java\com\rabbiter\oes\controller\ScoringController.java
F:\OnlineExamSystemApi\src\main\java\com\rabbiter\oes\service\FillQuestionService.java
F:\OnlineExamSystemApi\src\main\java\com\rabbiter\oes\util\OkHttpSparkClient.java
F:\OnlineExamSystemApi\src\main\java\com\rabbiter\oes\controller\ViolationController.java
F:\OnlineExamSystemApi\src\main\java\com\rabbiter\oes\mapper\AnswerMapper.java
F:\OnlineExamSystemApi\src\main\java\com\rabbiter\oes\service\GeneticPaperService.java
F:\OnlineExamSystemApi\src\main\java\com\rabbiter\oes\controller\LoginController.java
F:\OnlineExamSystemApi\src\main\java\com\rabbiter\oes\util\SparkApiUtils.java
F:\OnlineExamSystemApi\src\main\java\com\rabbiter\oes\serviceimpl\TeacherServiceImpl.java
F:\OnlineExamSystemApi\src\main\java\com\rabbiter\oes\controller\TeacherController.java
F:\OnlineExamSystemApi\src\main\java\com\rabbiter\oes\util\CaptchaUtil.java
F:\OnlineExamSystemApi\src\main\java\com\rabbiter\oes\interceptor\LoginInterceptor.java
F:\OnlineExamSystemApi\src\main\java\com\rabbiter\oes\controller\ItemController.java
F:\OnlineExamSystemApi\src\main\java\com\rabbiter\oes\service\AIQuestionService.java
F:\OnlineExamSystemApi\src\main\java\com\rabbiter\oes\mapper\LoginMapper.java
F:\OnlineExamSystemApi\src\main\java\com\rabbiter\oes\entity\Score.java
F:\OnlineExamSystemApi\src\main\java\com\rabbiter\oes\controller\StudyController.java
F:\OnlineExamSystemApi\src\main\java\com\rabbiter\oes\service\TeacherService.java
F:\OnlineExamSystemApi\src\main\java\com\rabbiter\oes\entity\AIQuestionRequest.java
F:\OnlineExamSystemApi\src\main\java\com\rabbiter\oes\entity\GeneticPaperRequest.java
F:\OnlineExamSystemApi\src\main\java\com\rabbiter\oes\service\AdminService.java
F:\OnlineExamSystemApi\src\main\java\com\rabbiter\oes\service\AnnouncementService.java
F:\OnlineExamSystemApi\src\main\java\com\rabbiter\oes\entity\Admin.java
F:\OnlineExamSystemApi\src\main\java\com\rabbiter\oes\controller\SystemLogController.java
F:\OnlineExamSystemApi\src\main\java\com\rabbiter\oes\util\FillQuestionGrader.java
F:\OnlineExamSystemApi\src\main\java\com\rabbiter\oes\controller\FaceRecognitionController.java
F:\OnlineExamSystemApi\src\main\java\com\rabbiter\oes\service\ScoreService.java
F:\OnlineExamSystemApi\src\main\java\com\rabbiter\oes\mapper\ScoreMapper.java
F:\OnlineExamSystemApi\src\main\java\com\rabbiter\oes\entity\Teacher.java
F:\OnlineExamSystemApi\src\main\java\com\rabbiter\oes\OnlineExamSystemApplication.java
F:\OnlineExamSystemApi\src\main\java\com\rabbiter\oes\vo\Item.java
F:\OnlineExamSystemApi\src\main\java\com\rabbiter\oes\mapper\StudentMapper.java
F:\OnlineExamSystemApi\src\main\java\com\rabbiter\oes\service\ViolationService.java
F:\OnlineExamSystemApi\src\main\java\com\rabbiter\oes\entity\Replay.java
F:\OnlineExamSystemApi\src\main\java\com\rabbiter\oes\entity\SystemLog.java
F:\OnlineExamSystemApi\src\main\java\com\rabbiter\oes\mapper\ReplayMapper.java
F:\OnlineExamSystemApi\src\main\java\com\rabbiter\oes\entity\ViolationRecord.java
F:\OnlineExamSystemApi\src\main\java\com\rabbiter\oes\entity\FaceRecognitionRequest.java
F:\OnlineExamSystemApi\src\main\java\com\rabbiter\oes\service\SmsService.java
F:\OnlineExamSystemApi\src\main\java\com\rabbiter\oes\serviceimpl\AnnouncementServiceImpl.java
F:\OnlineExamSystemApi\src\main\java\com\rabbiter\oes\service\MessageService.java
F:\OnlineExamSystemApi\src\main\java\com\rabbiter\oes\serviceimpl\StudentServiceImpl.java
F:\OnlineExamSystemApi\src\main\java\com\rabbiter\oes\serviceimpl\ExamManageServiceImpl.java
